******************************************************************************
                  TI ARM Linker Unix v20.2.1                   
******************************************************************************
>> Linked Sat Jan 23 15:28:42 2021

OUTPUT FILE NAME:   <IPIA freeRTOS ccs.out>
ENTRY POINT SYMBOL: "resetISR"  address: 00008969


MEMORY CONFIGURATION

         name            origin    length      used     unused   attr    fill
----------------------  --------  ---------  --------  --------  ----  --------
  MAIN                  00000000   00040000  0000909a  00036f66  R  X
  INFO                  00200000   00004000  00000000  00004000  R  X
  SRAM_CODE             01000000   00010000  000097be  00006842  RW X
  SRAM_DATA             20000000   00010000  000097be  00006842  RW  


SEGMENT ALLOCATION MAP

run origin  load origin   length   init length attrs members
----------  ----------- ---------- ----------- ----- -------
00000000    00000000    000090a0   000090a0    r-x
  00000000    00000000    00000144   00000144    r-- .intvecs
  00000144    00000144    00008a3c   00008a3c    r-x .text
  00008b80    00008b80    0000044a   0000044a    r-- .const
  00008fd0    00008fd0    000000d0   000000d0    r-- .cinit
20000000    20000000    000092d8   00000000    rw-
  20000000    20000000    00008784   00000000    rw- .bss
  20008784    20008784    00000b42   00000000    rw- .data
  200092c8    200092c8    00000010   00000000    rw- .sysmem
20009400    20009400    000000e8   00000000    rw-
  20009400    20009400    000000e8   00000000    rw- .vtable
2000fc00    2000fc00    00000400   00000000    rw-
  2000fc00    2000fc00    00000400   00000000    rw- .stack


SECTION ALLOCATION MAP

 output                                  attributes/
section   page    origin      length       input sections
--------  ----  ----------  ----------   ----------------
.text      0    00000144    00008a3c     
                  00000144    000002f8     drivers_msp432p401x.aem4f : PowerMSP432.oem4f (.text:Power_sleep)
                  0000043c    000002d0                               : UARTMSP432.oem4f (.text:UARTMSP432_open)
                  0000070c    00000288                               : PowerMSP432.oem4f (.text:initPerfControl)
                  00000994    00000208                               : PWMTimerMSP432.oem4f (.text:PWMTimerMSP432_open)
                  00000b9c    000001d0     freertos_builds_MSP_EXP432P401R_release_ccs.lib : queue.obj (.text:xQueueSemaphoreTake)
                  00000d6c    000001b8     GPS.obj (.text:str_to_double)
                  00000f24    000001b8     freertos_builds_MSP_EXP432P401R_release_ccs.lib : queue.obj (.text:xQueueGenericSend)
                  000010dc    000001b6     rtsv7M4_T_le_v4SPD16_eabi.lib : fd_add_t2.asm.obj (.text)
                  00001292    00000002     ti_drivers_config.obj (.text:Board_initHook)
                  00001294    000001ac     freertos_builds_MSP_EXP432P401R_release_ccs.lib : heap_4.obj (.text:pvPortMalloc)
                  00001440    0000017c                                                     : queue.obj (.text:xQueueReceive)
                  000015bc    00000170     drivers_msp432p401x.aem4f : GPIOMSP432.oem4f (.text:GPIO_setConfig)
                  0000172c    0000016c     bluetooth.obj (.text:bluetooth_float)
                  00001898    00000164     freertos_builds_MSP_EXP432P401R_release_ccs.lib : timers.obj (.text:prvProcessReceivedCommands)
                  000019fc    00000160     msp432p4xx_driverlib.lib : adc14.o (.text:_getIndexForMemRegister)
                  00001b5c    0000014c     drivers_msp432p401x.aem4f : TimerMSP432.oem4f (.text:TimerMSP432_open)
                  00001ca8    00000140     freertos_builds_MSP_EXP432P401R_release_ccs.lib : tasks.obj (.text:xTaskIncrementTick)
                  00001de8    00000138                                                     : pthread.obj (.text:pthread_create)
                  00001f20    00000136     rtsv7M4_T_le_v4SPD16_eabi.lib : fd_div_t2.asm.obj (.text)
                  00002056    00000002     msp432p4xx_driverlib.lib : interrupt.o (.text:IntDefaultHandler)
                  00002058    00000134     ipia.obj (.text:solarTrackerThread)
                  0000218c    00000128     freertos_builds_MSP_EXP432P401R_release_ccs.lib : queue.obj (.text:xQueueGenericSendFromISR)
                  000022b4    0000011e                                                     : tasks.obj (.text:prvInitialiseNewTask)
                  000023d2    00000002     drivers_msp432p401x.aem4f : PWMTimerMSP432.oem4f (.text:PWMTimerMSP432_init)
                  000023d4    0000011c     msp432p4xx_driverlib.lib : uart.o (.text:UART_initModule)
                  000024f0    0000011c     freertos_builds_MSP_EXP432P401R_release_ccs.lib : tasks.obj (.text:xTaskResumeAll)
                  0000260c    00000118                                                     : tasks.obj (.text:vTaskSuspend)
                  00002724    00000114     drivers_msp432p401x.aem4f : PWMTimerMSP432.oem4f (.text:PWMTimerMSP432_setPeriod)
                  00002838    0000010e     freertos_builds_MSP_EXP432P401R_release_ccs.lib : queue.obj (.text:xQueueGiveFromISR)
                  00002946    00000002                                                     : PowerMSP432_freertos.obj (.text:PowerMSP432_initPolicy)
                  00002948    00000104     msp432p4xx_driverlib.lib : cs.o (.text:_CSComputeCLKFrequency)
                  00002a4c    00000104     freertos_builds_MSP_EXP432P401R_release_ccs.lib : tasks.obj (.text:vTaskPriorityDisinheritAfterTimeout)
                  00002b50    00000100     bluetooth.obj (.text:bluetooth_sprintf)
                  00002c50    00000100     freertos_builds_MSP_EXP432P401R_release_ccs.lib : tasks.obj (.text:vTaskDelete)
                  00002d50    000000fc     drivers_msp432p401x.aem4f : ADCMSP432.oem4f (.text:ADCMSP432_convert)
                  00002e4c    000000fc     rtsv7M4_T_le_v4SPD16_eabi.lib : fd_mul_t2.asm.obj (.text)
                  00002f48    000000f8     msp432p4xx_driverlib.lib : cs.o (.text:CS_getDCOFrequency)
                  00003040    000000f6     freertos_builds_MSP_EXP432P401R_release_ccs.lib : queue.obj (.text:xQueueReceiveFromISR)
                  00003136    00000002     drivers_msp432p401x.aem4f : TimerMSP432.oem4f (.text:TimerMSP432_init)
                  00003138    000000e4     msp432p4xx_driverlib.lib : cs.o (.text:CS_startHFXTWithTimeout)
                  0000321c    000000e0                              : cs.o (.text:CS_startLFXTWithTimeout)
                  000032fc    000000dc     drivers_msp432p401x.aem4f : UARTMSP432.oem4f (.text:UARTMSP432_readPolling)
                  000033d8    000000dc     msp432p4xx_driverlib.lib : cs.o (.text:_CSGetHFXTFrequency)
                  000034b4    000000dc     freertos_builds_MSP_EXP432P401R_release_ccs.lib : tasks.obj (.text:vTaskSwitchContext)
                  00003590    000000da                                                     : portasm.obj (.text)
                  0000366a    00000002     drivers_msp432p401x.aem4f : UARTMSP432.oem4f (.text:UARTMSP432_init)
                  0000366c    000000d8     GPS.obj (.text:latitudeDegrees)
                  00003744    000000d8     GPS.obj (.text:longitudeDegrees)
                  0000381c    000000d4     freertos_builds_MSP_EXP432P401R_release_ccs.lib : tasks.obj (.text:xTaskPriorityInherit)
                  000038f0    000000d0                                                     : port.obj (.text:xPortStartScheduler)
                  000039c0    000000cc     sim33eau.obj (.text:GPS_read)
                  00003a8c    000000cc     freertos_builds_MSP_EXP432P401R_release_ccs.lib : tasks.obj (.text:xTaskPriorityDisinherit)
                  00003b58    000000ca     drivers_msp432p401x.aem4f : UARTMSP432.oem4f (.text:UARTMSP432_hwiIntFxn)
                  00003c22    00000002     freertos_builds_MSP_EXP432P401R_release_ccs.lib : startup_msp432_ccs.obj (.text:defaultISR)
                  00003c24    000000c8     drivers_msp432p401x.aem4f : TimerMSP432.oem4f (.text:TimerMSP432_start)
                  00003cec    000000c4     freertos_builds_MSP_EXP432P401R_release_ccs.lib : tasks.obj (.text:prvAddNewTaskToReadyList)
                  00003db0    000000bc     drivers_msp432p401x.aem4f : TimerMSP432.oem4f (.text:TimerMSP432_setPeriod)
                  00003e6c    000000bc     freertos_builds_MSP_EXP432P401R_release_ccs.lib : queue.obj (.text:prvCopyDataToQueue)
                  00003f28    000000bc                                                     : heap_4.obj (.text:prvHeapInit)
                  00003fe4    000000bc                                                     : timers.obj (.text:prvSwitchTimerLists)
                  000040a0    000000bc     GPS.obj (.text:token)
                  0000415c    000000b8     drivers_msp432p401x.aem4f : UARTMSP432.oem4f (.text:initHw)
                  00004214    000000b8                               : UARTMSP432.oem4f (.text:readTaskCallback)
                  000042cc    000000b8     freertos_builds_MSP_EXP432P401R_release_ccs.lib : queue.obj (.text:xQueueGenericReset)
                  00004384    000000b4     msp432p4xx_driverlib.lib : adc14.o (.text:ADC14_configureConversionMemory)
                  00004438    000000b4     drivers_msp432p401x.aem4f : UARTMSP432.oem4f (.text:UARTMSP432_control)
                  000044ec    000000b4                               : UARTMSP432.oem4f (.text:UARTMSP432_writePolling)
                  000045a0    000000b4     freertos_builds_MSP_EXP432P401R_release_ccs.lib : tasks.obj (.text:xTaskCheckForTimeOut)
                  00004654    000000b0                                                     : tasks.obj (.text:prvAddCurrentTaskToDelayedList)
                  00004704    000000ae                                                     : queue.obj (.text:prvUnlockQueue)
                  000047b2    00000002                                                     : startup_msp432_ccs.obj (.text:faultISR)
                  000047b4    000000ac     drivers_msp432p401x.aem4f : GPIOMSP432.oem4f (.text:GPIO_init)
                  00004860    000000a8                               : UARTMSP432.oem4f (.text:UARTMSP432_write)
                  00004908    000000a8     freertos_builds_MSP_EXP432P401R_release_ccs.lib : heap_4.obj (.text:prvInsertBlockIntoFreeList)
                  000049b0    000000a8     drivers_msp432p401x.aem4f : UARTMSP432.oem4f (.text:readTaskBlocking)
                  00004a58    000000a8     freertos_builds_MSP_EXP432P401R_release_ccs.lib : heap_4.obj (.text:vPortFree)
                  00004b00    000000a8                                                     : queue.obj (.text:xQueueGenericCreate)
                  00004ba8    000000a8                                                     : tasks.obj (.text:xTaskRemoveFromEventList)
                  00004c50    000000a4     drivers_msp432p401x.aem4f : PWMTimerMSP432.oem4f (.text:PWMTimerMSP432_stop)
                  00004cf4    000000a4                               : TimerMSP432.oem4f (.text:initTimerHardware)
                  00004d98    000000a0     freertos_builds_MSP_EXP432P401R_release_ccs.lib : ClockP_freertos.obj (.text:ClockP_create)
                  00004e38    000000a0     drivers_msp432p401x.aem4f : UARTMSP432.oem4f (.text:readIsrTextCallback)
                  00004ed8    0000009c                               : PowerMSP432.oem4f (.text:Power_init)
                  00004f74    0000009c     rtsv7M4_T_le_v4SPD16_eabi.lib : memcpy_t2.asm.obj (.text)
                  00005010    0000009c     drivers_msp432p401x.aem4f : TimerMSP432.oem4f (.text:setT32TickCount)
                  000050ac    0000009c                               : TimerMSP432.oem4f (.text:setTATickCount)
                  00005148    0000009c     freertos_builds_MSP_EXP432P401R_release_ccs.lib : tasks.obj (.text:vTaskStartScheduler)
                  000051e4    0000009a     bluetooth.obj (.text:bluetooth_integer)
                  0000527e    00000096     rtsv7M4_T_le_v4SPD16_eabi.lib : ull_div_t2.asm.obj (.text)
                  00005314    00000094     drivers_msp432p401x.aem4f : PWMTimerMSP432.oem4f (.text:PWMTimerMSP432_setDuty)
                  000053a8    00000094     msp432p4xx_driverlib.lib : sysctl_a.o (.text:SysCtl_A_getTLVInfo)
                  0000543c    00000094     main_freertos.obj (.text:main)
                  000054d0    00000092     drivers_msp432p401x.aem4f : UARTMSP432.oem4f (.text:UARTMSP432_close)
                  00005562    00000002     freertos_builds_MSP_EXP432P401R_release_ccs.lib : startup_msp432_ccs.obj (.text:nmiISR)
                  00005564    00000092     GPS.obj (.text:setGnrmc)
                  000055f6    00000092     drivers_msp432p401x.aem4f : UARTMSP432.oem4f (.text:writeData)
                  00005688    00000090     sim33eau.obj (.text:isSubstring)
                  00005718    0000008c     drivers_msp432p401x.aem4f : ADCMSP432.oem4f (.text:ADCMSP432_open)
                  000057a4    0000008c                               : TimerMSP432.oem4f (.text:TimerMSP432_stop)
                  00005830    0000008c                               : UARTMSP432.oem4f (.text:readIsrTextBlocking)
                  000058bc    00000088     sim33eau.obj (.text:GPS_init)
                  00005944    00000088     drivers_msp432p401x.aem4f : PWMTimerMSP432.oem4f (.text:PWMTimerMSP432_close)
                  000059cc    00000088     freertos_builds_MSP_EXP432P401R_release_ccs.lib : timers.obj (.text:prvProcessTimerOrBlockTask)
                  00005a54    00000084     drivers_msp432p401x.aem4f : PWMTimerMSP432.oem4f (.text:PWMTimerMSP432_start)
                  00005ad8    00000084                               : PowerMSP432.oem4f (.text:restartHFXT)
                  00005b5c    00000084     freertos_builds_MSP_EXP432P401R_release_ccs.lib : timers.obj (.text:xTimerGenericCommand)
                  00005be0    00000080     msp432p4xx_driverlib.lib : interrupt.o (.text:Interrupt_disableInterrupt)
                  00005c60    00000080                              : interrupt.o (.text:Interrupt_enableInterrupt)
                  00005ce0    00000080     freertos_builds_MSP_EXP432P401R_release_ccs.lib : timers.obj (.text:prvProcessExpiredTimer)
                  00005d60    0000007c     msp432p4xx_driverlib.lib : cs.o (.text:_CSGetDOCFrequency)
                  00005ddc    0000007c     bluetooth.obj (.text:bluetooth_init)
                  00005e58    0000007c     bluetooth.obj (.text:bluetooth_send)
                  00005ed4    0000007c     drivers_msp432p401x.aem4f : PWMTimerMSP432.oem4f (.text:setConstraints)
                  00005f50    0000007c     sim33eau.obj (.text:str_to_uint8)
                  00005fcc    0000007a     freertos_builds_MSP_EXP432P401R_release_ccs.lib : pthread.obj (.text:removeThreadKeys)
                  00006046    0000007a     rtsv7M4_T_le_v4SPD16_eabi.lib : memset_t2.asm.obj (.text)
                  000060c0    0000007a     sim33eau.obj (.text:str_to_uint16)
                  0000613a    0000007a     freertos_builds_MSP_EXP432P401R_release_ccs.lib : tasks.obj (.text:xTaskCreate)
                  000061b4    00000078     drivers_msp432p401x.aem4f : TimerMSP432.oem4f (.text:TimerMSP432_allocateTimerResource)
                  0000622c    00000078     freertos_builds_MSP_EXP432P401R_release_ccs.lib : timers.obj (.text:prvInsertTimerInActiveList)
                  000062a4    00000078     gpsTimer.obj (.text:timerCallback)
                  0000631c    00000078     freertos_builds_MSP_EXP432P401R_release_ccs.lib : port.obj (.text:vPortSetupTimerInterrupt)
                  00006394    00000074                                                     : tasks.obj (.text:prvInitialiseTaskLists)
                  00006408    00000074                                                     : port.obj (.text:vPortValidateInterruptPriority)
                  0000647c    00000072     GPS.obj (.text:setTime)
                  000064ee    00000070     drivers_msp432p401x.aem4f : UARTMSP432.oem4f (.text:UARTMSP432_writeCancel)
                  0000655e    00000002     rtsv7M4_T_le_v4SPD16_eabi.lib : div0.asm.obj (.text)
                  00006560    00000070     freertos_builds_MSP_EXP432P401R_release_ccs.lib : ClockP_freertos.obj (.text:setClockObjTimeout)
                  000065d0    0000006e     rtsv7M4_T_le_v4SPD16_eabi.lib : fd_tos_t2.asm.obj (.text)
                  0000663e    0000006a     drivers_msp432p401x.aem4f : PWMTimerMSP432.oem4f (.text:perfChangeNotifyFxn)
                  000066a8    00000068                               : GPIOMSP432.oem4f (.text:GPIO_hwiIntFxn)
                  00006710    00000068                               : PowerMSP432.oem4f (.text:PowerMSP432_getFreqs)
                  00006778    00000068     rtsv7M4_T_le_v4SPD16_eabi.lib : copy_decompress_lzss.c.obj (.text:decompress:lzss:__TI_decompress_lzss)
                  000067e0    00000068     drivers_msp432p401x.aem4f : PWMTimerMSP432.oem4f (.text:initHw)
                  00006848    00000068     PressureSensor.obj (.text:pressureSensorCallback)
                  000068b0    00000068     ipia.obj (.text:pressureSensorThread)
                  00006918    00000066     freertos_builds_MSP_EXP432P401R_release_ccs.lib : timers.obj (.text:prvInitialiseNewTimer)
                  0000697e    00000066                                                     : list.obj (.text:vListInsert)
                  000069e4    00000064                                                     : ClockP_freertos.obj (.text:ClockP_stop)
                  00006a48    00000064                                                     : tasks.obj (.text:prvGetExpectedIdleTime)
                  00006aac    00000062     msp432p4xx_driverlib.lib : cs.o (.text:_CSGetDividerValue)
                  00006b0e    00000002     main_freertos.obj (.text:vApplicationMallocFailedHook)
                  00006b10    00000060     drivers_msp432p401x.aem4f : ADCMSP432.oem4f (.text:ADCMSP432_convertToMicroVolts)
                  00006b70    00000060                               : GPIOMSP432.oem4f (.text:GPIO_setCallback)
                  00006bd0    00000060     freertos_builds_MSP_EXP432P401R_release_ccs.lib : HwiPMSP432_freertos.obj (.text:HwiP_create)
                  00006c30    00000060                                                     : port.obj (.text:pxPortInitialiseStack)
                  00006c90    0000005c     msp432p4xx_driverlib.lib : interrupt.o (.text:Interrupt_registerInterrupt)
                  00006cec    0000005c     freertos_builds_MSP_EXP432P401R_release_ccs.lib : tasks.obj (.text:prvIdleTask)
                  00006d48    0000005c                                                     : pthread.obj (.text:pthread_exit)
                  00006da4    0000005c                                                     : queue.obj (.text:vQueueWaitForMessageRestricted)
                  00006e00    0000005c                                                     : tasks.obj (.text:vTaskDelay)
                  00006e5c    0000005a     drivers_msp432p401x.aem4f : ADCMSP432.oem4f (.text:initHw)
                  00006eb6    00000002     --HOLE-- [fill = 0]
                  00006eb8    00000058                               : GPIOMSP432.oem4f (.text:GPIO_write)
                  00006f10    00000058                               : UARTMSP432.oem4f (.text:readIsrBinaryBlocking)
                  00006f68    00000058     freertos_builds_MSP_EXP432P401R_release_ccs.lib : queue.obj (.text:xQueueCreateCountingSemaphore)
                  00006fc0    00000056                                                     : SemaphoreP_freertos.obj (.text:SemaphoreP_create)
                  00007016    00000002     --HOLE-- [fill = 0]
                  00007018    00000054                                                     : ClockP_freertos.obj (.text:ClockP_delete)
                  0000706c    00000054     msp432p4xx_driverlib.lib : interrupt.o (.text:Interrupt_setPriority)
                  000070c0    00000054     drivers_msp432p401x.aem4f : TimerMSP432.oem4f (.text:TimerMSP432_freeTimerResource)
                  00007114    00000054     freertos_builds_MSP_EXP432P401R_release_ccs.lib : timers.obj (.text:xTimerCreateTimerTask)
                  00007168    00000050     SG90.obj (.text:SG90_init)
                  000071b8    00000050     drivers_msp432p401x.aem4f : TimerMSP432.oem4f (.text:TimerMSP432_hwiIntFunction)
                  00007208    00000050     freertos_builds_MSP_EXP432P401R_release_ccs.lib : semaphore.obj (.text:sem_init)
                  00007258    0000004e     drivers_msp432p401x.aem4f : TimerMSP432.oem4f (.text:TimerMSP432_close)
                  000072a6    00000002     --HOLE-- [fill = 0]
                  000072a8    0000004c     freertos_builds_MSP_EXP432P401R_release_ccs.lib : timers.obj (.text:prvCheckForValidListAndQueue)
                  000072f4    0000004c                                                     : tasks.obj (.text:prvCheckTasksWaitingTermination)
                  00007340    0000004c     drivers_msp432p401x.aem4f : UARTMSP432.oem4f (.text:readIsrBinaryCallback)
                  0000738c    0000004c     freertos_builds_MSP_EXP432P401R_release_ccs.lib : port.obj (.text:vPortEnterCritical)
                  000073d8    0000004c                                                     : tasks.obj (.text:vTaskSetThreadLocalStoragePointer)
                  00007424    00000048                                                     : HwiPMSP432_freertos.obj (.text:HwiP_dispatch)
                  0000746c    00000048     drivers_msp432p401x.aem4f : PowerMSP432.oem4f (.text:Power_releaseConstraint)
                  000074b4    00000048     rtsv7M4_T_le_v4SPD16_eabi.lib : fd_toi_t2.asm.obj (.text)
                  000074fc    00000048     freertos_builds_MSP_EXP432P401R_release_ccs.lib : sleep.obj (.text:sleep)
                  00007544    00000048                                                     : list.obj (.text:uxListRemove)
                  0000758c    00000046     drivers_msp432p401x.aem4f : RingBuf.oem4f (.text:RingBuf_put)
                  000075d2    00000046     GPS.obj (.text:setCoordinates)
                  00007618    00000044     drivers_msp432p401x.aem4f : ADC.oem4f (.text:ADC_init)
                  0000765c    00000044                               : PWM.oem4f (.text:PWM_init)
                  000076a0    00000044                               : Timer.oem4f (.text:Timer_init)
                  000076e4    00000044                               : UART.oem4f (.text:UART_init)
                  00007728    00000044     rtsv7M4_T_le_v4SPD16_eabi.lib : autoinit.c.obj (.text:__TI_auto_init_nobinit_nopinit:__TI_auto_init_nobinit_nopinit)
                  0000776c    00000044     freertos_builds_MSP_EXP432P401R_release_ccs.lib : queue.obj (.text:prvInitialiseNewQueue)
                  000077b0    00000044     sim33eau.obj (.text:setSysTime)
                  000077f4    00000040     drivers_msp432p401x.aem4f : ADCMSP432.oem4f (.text:ADCMSP432_close)
                  00007834    00000040                               : ADC.oem4f (.text:ADC_open)
                  00007874    00000040     gpsTimer.obj (.text:GPS_TIMER_init)
                  000078b4    00000040     drivers_msp432p401x.aem4f : PWM.oem4f (.text:PWM_open)
                  000078f4    00000040                               : RingBuf.oem4f (.text:RingBuf_get)
                  00007934    00000040                               : Timer.oem4f (.text:Timer_open)
                  00007974    00000040                               : UARTMSP432.oem4f (.text:UARTMSP432_read)
                  000079b4    00000040                               : UART.oem4f (.text:UART_open)
                  000079f4    00000040     freertos_builds_MSP_EXP432P401R_release_ccs.lib : aeabi_portable.obj (.text:__aeabi_errno_addr)
                  00007a34    00000040     drivers_msp432p401x.aem4f : PWMTimerMSP432.oem4f (.text:getDutyCounts)
                  00007a74    00000040                               : PWMTimerMSP432.oem4f (.text:getPeriodCounts)
                  00007ab4    00000040                               : UARTMSP432.oem4f (.text:perfChangeNotifyFxn)
                  00007af4    00000040     freertos_builds_MSP_EXP432P401R_release_ccs.lib : tasks.obj (.text:vTaskPlaceOnEventListRestricted)
                  00007b34    0000003e                                                     : ClockP_freertos.obj (.text:ClockP_callbackFxn)
                  00007b72    0000003e                                                     : pthread.obj (.text:pthread_setcancelstate)
                  00007bb0    0000003e                                                     : semaphore.obj (.text:sem_post)
                  00007bee    0000003c                                                     : queue.obj (.text:prvCopyDataFromQueue)
                  00007c2a    00000002     --HOLE-- [fill = 0]
                  00007c2c    0000003c                                                     : tasks.obj (.text:pvTaskGetThreadLocalStoragePointer)
                  00007c68    0000003c                                                     : sleep.obj (.text:usleep)
                  00007ca4    0000003c                                                     : list.obj (.text:vListInsertEnd)
                  00007ce0    0000003c                                                     : timers.obj (.text:xTimerCreate)
                  00007d1c    0000003a                                                     : PowerMSP432_freertos.obj (.text:PowerMSP432_sleepPolicy)
                  00007d56    00000002     --HOLE-- [fill = 0]
                  00007d58    00000038     drivers_msp432p401x.aem4f : PowerMSP432.oem4f (.text:Power_setConstraint)
                  00007d90    00000038                               : TimerMSP432.oem4f (.text:TimerMSP432_getCount)
                  00007dc8    00000038                               : PowerMSP432.oem4f (.text:notify)
                  00007e00    00000038     freertos_builds_MSP_EXP432P401R_release_ccs.lib : timers.obj (.text:prvGetNextExpireTime)
                  00007e38    00000038                                                     : port.obj (.text:prvTaskExitError)
                  00007e70    00000036     drivers_msp432p401x.aem4f : UARTMSP432.oem4f (.text:UARTMSP432_readCancel)
                  00007ea6    00000002     --HOLE-- [fill = 0]
                  00007ea8    00000034     PressureSensor.obj (.text:Pressure_Sensor_Timer_init)
                  00007edc    00000034     freertos_builds_MSP_EXP432P401R_release_ccs.lib : SemaphoreP_freertos.obj (.text:SemaphoreP_pend)
                  00007f10    00000034     rtsv7M4_T_le_v4SPD16_eabi.lib : boot_cortex_m.c.obj (.text:_c_int00_noargs:_c_int00_noargs)
                  00007f44    00000034     freertos_builds_MSP_EXP432P401R_release_ccs.lib : timers.obj (.text:prvSampleTimeNow)
                  00007f78    00000034                                                     : tasks.obj (.text:vTaskPlaceOnEventList)
                  00007fac    00000030     drivers_msp432p401x.aem4f : ADCMSP432.oem4f (.text:ADCMSP432_init)
                  00007fdc    00000030     msp432p4xx_driverlib.lib : cs.o (.text:CS_clearInterruptFlag)
                  0000800c    00000030     PressureSensor.obj (.text:Pressure_Sensor_init)
                  0000803c    00000030     drivers_msp432p401x.aem4f : PWMTimerMSP432.oem4f (.text:mapPin)
                  0000806c    00000030                               : UARTMSP432.oem4f (.text:mapPin)
                  0000809c    00000030     freertos_builds_MSP_EXP432P401R_release_ccs.lib : tasks.obj (.text:prvResetNextTaskUnblockTime)
                  000080cc    00000030                                                     : list.obj (.text:vListInitialise)
                  000080fc    00000030                                                     : port.obj (.text:vPortExitCritical)
                  0000812c    00000030                                                     : tasks.obj (.text:xTaskGetSchedulerState)
                  0000815c    0000002e                                                     : timers.obj (.text:pvTimerGetTimerID)
                  0000818a    0000002e     rtsv7M4_T_le_v4SPD16_eabi.lib : i_tofd_t2.asm.obj (.text)
                  000081b8    0000002c     freertos_builds_MSP_EXP432P401R_release_ccs.lib : HwiPMSP432_freertos.obj (.text:HwiP_disable)
                  000081e4    0000002c     PressureSensor.obj (.text:Pressure_Sensor_start)
                  00008210    0000002c     freertos_builds_MSP_EXP432P401R_release_ccs.lib : SemaphoreP_freertos.obj (.text:SemaphoreP_createBinary)
                  0000823c    0000002c     drivers_msp432p401x.aem4f : TimerMSP432.oem4f (.text:perfChangeNotifyFxn)
                  00008268    0000002c     freertos_builds_MSP_EXP432P401R_release_ccs.lib : tasks.obj (.text:vTaskSetApplicationTaskTag)
                  00008294    0000002c                                                     : port.obj (.text:xPortSysTickHandler)
                  000082c0    00000028     msp432p4xx_driverlib.lib : adc14.o (.text:ADC14_getResult)
                  000082e8    00000028                              : cs.o (.text:CS_getMCLK)
                  00008310    00000028     freertos_builds_MSP_EXP432P401R_release_ccs.lib : HwiPMSP432_freertos.obj (.text:HwiP_inISR)
                  00008338    00000028     drivers_msp432p401x.aem4f : PowerMSP432.oem4f (.text:Power_registerNotify)
                  00008360    00000028                               : PowerMSP432.oem4f (.text:disableFaultCounter)
                  00008388    00000028                               : PowerMSP432.oem4f (.text:disableHFXT)
                  000083b0    00000028                               : UARTMSP432.oem4f (.text:findBaudDividerIndex)
                  000083d8    00000028     freertos_builds_MSP_EXP432P401R_release_ccs.lib : pthread.obj (.text:pthread_attr_setschedparam)
                  00008400    00000028                                                     : tasks.obj (.text:xTaskGetApplicationTaskTag)
                  00008428    00000026     drivers_msp432p401x.aem4f : List.oem4f (.text:List_put)
                  0000844e    00000026                               : List.oem4f (.text:List_remove)
                  00008474    00000026     freertos_builds_MSP_EXP432P401R_release_ccs.lib : pthread.obj (.text:_pthread_cleanup_pop)
                  0000849a    00000026     bluetooth.obj (.text:bluetooth_char)
                  000084c0    00000026     bluetooth.obj (.text:bluetooth_string)
                  000084e6    00000026     freertos_builds_MSP_EXP432P401R_release_ccs.lib : queue.obj (.text:prvIsQueueFull)
                  0000850c    00000026     drivers_msp432p401x.aem4f : PWMTimerMSP432.oem4f (.text:releaseConstraints)
                  00008532    00000024     ipia.obj (.text:gpsThread)
                  00008556    00000024     freertos_builds_MSP_EXP432P401R_release_ccs.lib : queue.obj (.text:prvGetDisinheritPriorityAfterTimeout)
                  0000857a    00000024                                                     : queue.obj (.text:vQueueDelete)
                  0000859e    00000002     --HOLE-- [fill = 0]
                  000085a0    00000024                                                     : tasks.obj (.text:vTaskInternalSetTimeOutState)
                  000085c4    00000022                                                     : SemaphoreP_freertos.obj (.text:SemaphoreP_post)
                  000085e6    00000022                                                     : pthread.obj (.text:pthread_attr_setdetachstate)
                  00008608    00000020     msp432p4xx_driverlib.lib : cs.o (.text:CS_setExternalClockSourceFrequency)
                  00008628    00000020     freertos_builds_MSP_EXP432P401R_release_ccs.lib : HwiPMSP432_freertos.obj (.text:HwiP_restore)
                  00008648    00000020     drivers_msp432p401x.aem4f : PowerMSP432.oem4f (.text:Power_unregisterNotify)
                  00008668    00000020                               : RingBuf.oem4f (.text:RingBuf_peek)
                  00008688    00000020     freertos_builds_MSP_EXP432P401R_release_ccs.lib : queue.obj (.text:prvIsQueueEmpty)
                  000086a8    00000020                                                     : semaphore.obj (.text:semaphorePend)
                  000086c8    0000001e                                                     : ClockP_freertos.obj (.text:ClockP_start)
                  000086e6    0000001e                                                     : HwiPMSP432_freertos.obj (.text:HwiP_Params_init)
                  00008704    0000001e     SG90.obj (.text:SG90_setDuty)
                  00008722    0000001e     freertos_builds_MSP_EXP432P401R_release_ccs.lib : pthread.obj (.text:_pthread_runStub)
                  00008740    0000001e     drivers_msp432p401x.aem4f : PWMTimerMSP432.oem4f (.text:corroboratePeriod)
                  0000875e    0000001c     freertos_builds_MSP_EXP432P401R_release_ccs.lib : ClockP_freertos.obj (.text:ClockP_Params_init)
                  0000877a    00000002     --HOLE-- [fill = 0]
                  0000877c    0000001c     gpsTimer.obj (.text:GPS_TIMER_start)
                  00008798    0000001c     msp432p4xx_driverlib.lib : interrupt.o (.text:Interrupt_unregisterInterrupt)
                  000087b4    0000001c     freertos_builds_MSP_EXP432P401R_release_ccs.lib : pthread.obj (.text:pthread_attr_init)
                  000087d0    0000001c                                                     : tasks.obj (.text:pvTaskIncrementMutexHeldCount)
                  000087ec    0000001a                                                     : PTLS.obj (.text:PTLS_taskDeleteHook)
                  00008806    0000001a                                                     : timers.obj (.text:prvTimerTask)
                  00008820    00000018     msp432p4xx_driverlib.lib : sysctl_a.o (.text:SysCtl_A_disableNMISource)
                  00008838    00000018                              : sysctl_a.o (.text:SysCtl_A_enableNMISource)
                  00008850    00000018     drivers_msp432p401x.aem4f : UART.oem4f (.text:UART_Params_init)
                  00008868    00000018                               : PWMTimerMSP432.oem4f (.text:corroborateDuty)
                  00008880    00000018     freertos_builds_MSP_EXP432P401R_release_ccs.lib : semaphore.obj (.text:sem_wait)
                  00008898    00000016                                                     : ClockP_freertos.obj (.text:ClockP_setTimeout)
                  000088ae    00000016                                                     : PTLS.obj (.text:PTLS_getBuf)
                  000088c4    00000016                                                     : PTLS.obj (.text:PTLS_setBuf)
                  000088da    00000016                                                     : SemaphoreP_freertos.obj (.text:SemaphoreP_Params_init)
                  000088f0    00000014     drivers_msp432p401x.aem4f : PWM.oem4f (.text:PWM_Params_init)
                  00008904    00000014                               : PowerMSP432.oem4f (.text:Power_idleFunc)
                  00008918    00000014                               : UARTMSP432.oem4f (.text:clearTXCPTIFG)
                  0000892c    00000014     freertos_builds_MSP_EXP432P401R_release_ccs.lib : tasks.obj (.text:prvDeleteTCB)
                  00008940    00000014                                                     : pthread.obj (.text:pthread_attr_setstacksize)
                  00008954    00000014                                                     : pthread.obj (.text:pthread_self)
                  00008968    00000014                                                     : startup_msp432_ccs.obj (.text:resetISR)
                  0000897c    00000014     rtsv7M4_T_le_v4SPD16_eabi.lib : strlen.c.obj (.text:strlen)
                  00008990    00000014     freertos_builds_MSP_EXP432P401R_release_ccs.lib : tasks.obj (.text:xTaskGetCurrentTaskHandle)
                  000089a4    00000014                                                     : tasks.obj (.text:xTaskGetTickCount)
                  000089b8    00000012                                                     : HwiPMSP432_freertos.obj (.text:HwiP_delete)
                  000089ca    00000012     drivers_msp432p401x.aem4f : RingBuf.oem4f (.text:RingBuf_construct)
                  000089dc    00000010     msp432p4xx_driverlib.lib : adc14.o (.text:ADCIsConversionRunning)
                  000089ec    00000010     drivers_msp432p401x.aem4f : PowerMSP432.oem4f (.text:PowerMSP432_getNumPerfLevels)
                  000089fc    00000010     msp432p4xx_driverlib.lib : sysctl_a.o (.text:SysCtl_A_getNMISourceStatus)
                  00008a0c    00000010                              : sysctl.o (.text:SysCtl_getNMISourceStatus)
                  00008a1c    00000010     drivers_msp432p401x.aem4f : Timer.oem4f (.text:Timer_Params_init)
                  00008a2c    00000010                               : UARTMSP432.oem4f (.text:readBlockingTimeout)
                  00008a3c    00000010     freertos_builds_MSP_EXP432P401R_release_ccs.lib : list.obj (.text:vListInitialiseItem)
                  00008a4c    00000010                                                     : tasks.obj (.text:vTaskSuspendAll)
                  00008a5c    0000000e     rtsv7M4_T_le_v4SPD16_eabi.lib : copy_decompress_none.c.obj (.text:decompress:none:__TI_decompress_none)
                  00008a6a    0000000c     ti_drivers_config.obj (.text:Board_init)
                  00008a76    0000000c     msp432p4xx_driverlib.lib : cpu.o (.text:CPU_cpsid)
                  00008a82    0000000c                              : cpu.o (.text:CPU_cpsie)
                  00008a8e    0000000c     sim33eau.obj (.text:GPS_stop)
                  00008a9a    00000002     --HOLE-- [fill = 0]
                  00008a9c    0000000c     drivers_msp432p401x.aem4f : PowerMSP432.oem4f (.text:Power_getConstraintMask)
                  00008aa8    0000000c                               : PowerMSP432.oem4f (.text:Power_getPerformanceLevel)
                  00008ab4    0000000c     SG90.obj (.text:SG90_start)
                  00008ac0    0000000c     freertos_builds_MSP_EXP432P401R_release_ccs.lib : SemaphoreP_freertos.obj (.text:SemaphoreP_delete)
                  00008acc    0000000c     rtsv7M4_T_le_v4SPD16_eabi.lib : copy_zero_init.c.obj (.text:decompress:ZI:__TI_zero_init)
                  00008ad8    0000000c     freertos_builds_MSP_EXP432P401R_release_ccs.lib : tasks.obj (.text:vTaskMissedYield)
                  00008ae4    0000000a     drivers_msp432p401x.aem4f : ADC.oem4f (.text:ADC_Params_init)
                  00008aee    0000000a                               : ADC.oem4f (.text:ADC_convert)
                  00008af8    0000000a                               : PWM.oem4f (.text:PWM_setDuty)
                  00008b02    0000000a                               : PWM.oem4f (.text:PWM_start)
                  00008b0c    0000000a     freertos_builds_MSP_EXP432P401R_release_ccs.lib : PowerMSP432_freertos.obj (.text:PowerMSP432_updateFreqs)
                  00008b16    0000000a     drivers_msp432p401x.aem4f : Timer.oem4f (.text:Timer_start)
                  00008b20    0000000a                               : UART.oem4f (.text:UART_read)
                  00008b2a    0000000a                               : UART.oem4f (.text:UART_write)
                  00008b34    0000000a     main_freertos.obj (.text:vApplicationStackOverflowHook)
                  00008b3e    0000000a     freertos_builds_MSP_EXP432P401R_release_ccs.lib : PowerMSP432_freertos.obj (.text:vPortSuppressTicksAndSleep)
                  00008b48    00000008     drivers_msp432p401x.aem4f : UARTMSP432.oem4f (.text:readSemCallback)
                  00008b50    00000008                               : UARTMSP432.oem4f (.text:txcptEnabledStatus)
                  00008b58    00000008                               : UARTMSP432.oem4f (.text:writeSemCallback)
                  00008b60    00000006                               : ADCMSP432.oem4f (.text:ADCMSP432_control)
                  00008b66    00000006                               : PWMTimerMSP432.oem4f (.text:PWMTimerMSP432_control)
                  00008b6c    00000006                               : PWMTimerMSP432.oem4f (.text:PWMTimerMSP432_setDutyAndPeriod)
                  00008b72    00000006                               : TimerMSP432.oem4f (.text:TimerMSP432_control)
                  00008b78    00000004     rtsv7M4_T_le_v4SPD16_eabi.lib : pre_init.c.obj (.text:_system_pre_init)
                  00008b7c    00000004                                   : exit.c.obj (.text:abort:abort)

.const     0    00008b80    0000044a     
                  00008b80    00000084     ti_drivers_config.obj (.const:uartMSP432HWAttrs)
                  00008c04    00000080     msp432p4xx_driverlib.lib : adc14.o (.const:_ctlRegs)
                  00008c84    00000050                              : interrupt.o (.const:g_pulRegs)
                  00008cd4    00000050     drivers_msp432p401x.aem4f : TimerMSP432.oem4f (.const:timerADividers)
                  00008d24    00000050     ti_drivers_config.obj (.const:uartMSP432Baudrates)
                  00008d74    00000038     ti_drivers_config.obj (.const:PowerMSP432_config)
                  00008dac    00000028     drivers_msp432p401x.aem4f : UARTMSP432.oem4f (.const:UARTMSP432_fxnTable)
                  00008dd4    00000024                               : PWMTimerMSP432.oem4f (.const:PWMTimerMSP432_fxnTable)
                  00008df8    00000024     ti_drivers_config.obj (.const:UART_config)
                  00008e1c    00000024     drivers_msp432p401x.aem4f : UART.oem4f (.const:UART_defaultParams)
                  00008e40    00000020     ti_drivers_config.obj (.const:TimerMSP432HWAttrs)
                  00008e60    00000020     drivers_msp432p401x.aem4f : TimerMSP432.oem4f (.const:TimerMSP432_Timer_A_fxnTable)
                  00008e80    00000020     ti_drivers_config.obj (.const:adcMSP432HWAttrs)
                  00008ea0    00000020     drivers_msp432p401x.aem4f : UARTMSP432.oem4f (.const:staticFxnTable)
                  00008ec0    00000018                               : ADCMSP432.oem4f (.const:ADCMSP432_fxnTable)
                  00008ed8    00000018     ti_drivers_config.obj (.const:ADC_config)
                  00008ef0    00000018     ti_drivers_config.obj (.const:PWM_config)
                  00008f08    00000018     drivers_msp432p401x.aem4f : PWM.oem4f (.const:PWM_defaultParams)
                  00008f20    00000018     ti_drivers_config.obj (.const:Timer_config)
                  00008f38    00000014     ti_drivers_config.obj (.const:GPIOMSP432_config)
                  00008f4c    00000010     drivers_msp432p401x.aem4f : PWMTimerMSP432.oem4f (.const:pwmTimerBaseAddr)
                  00008f5c    00000010     ti_drivers_config.obj (.const:pwmTimerMSP432HWAttrs)
                  00008f6c    0000000c     drivers_msp432p401x.aem4f : Timer.oem4f (.const:defaultParams)
                  00008f78    0000000c                               : TimerMSP432.oem4f (.const:timer32Dividers)
                  00008f84    00000008                               : ADC.oem4f (.const:ADC_defaultParams)
                  00008f8c    00000008     freertos_builds_MSP_EXP432P401R_release_ccs.lib : port.obj (.const)
                  00008f94    00000008     msp432p4xx_driverlib.lib : interrupt.o (.const:g_pulDisRegs)
                  00008f9c    00000008                              : interrupt.o (.const:g_pulEnRegs)
                  00008fa4    00000006     drivers_msp432p401x.aem4f : GPIOMSP432.oem4f (.const:.string:interruptType)
                  00008faa    00000006                               : GPIOMSP432.oem4f (.const:.string:portInterruptIds)
                  00008fb0    00000005                               : UARTMSP432.oem4f (.const:.string:parityTypes)
                  00008fb5    00000005     ti_drivers_config.obj (.const)
                  00008fba    00000002     --HOLE-- [fill = 0]
                  00008fbc    00000004     freertos_builds_MSP_EXP432P401R_release_ccs.lib : pthread.obj (.const)
                  00008fc0    00000004                                                     : tasks.obj (.const)
                  00008fc4    00000004     drivers_msp432p401x.aem4f : UARTMSP432.oem4f (.const:stopBits)
                  00008fc8    00000002     freertos_builds_MSP_EXP432P401R_release_ccs.lib : pthread.obj (.const:.string)

.cinit     0    00008fd0    000000d0     
                  00008fd0    0000009c     (.cinit..data.load) [load image, compression = lzss]
                  0000906c    0000000c     (__TI_handler_table)
                  00009078    00000008     (.cinit..bss.load) [load image, compression = zero_init]
                  00009080    00000008     (.cinit..vtable.load) [load image, compression = zero_init]
                  00009088    00000018     (__TI_cinit_table)

.init_array 
*          0    00000000    00000000     UNINITIALIZED

.intvecs   0    00000000    00000144     
                  00000000    00000144     freertos_builds_MSP_EXP432P401R_release_ccs.lib : startup_msp432_ccs.obj (.intvecs:retain)

.bss       0    20000000    00008784     UNINITIALIZED
                  20000000    00008000     freertos_builds_MSP_EXP432P401R_release_ccs.lib : heap_4.obj (.bss:ucHeap)
                  20008000    00000200     (.common:bluetooth_buffer)
                  20008200    00000180     (.common:uartMSP432Objects)
                  20008380    000000c8                                                     : tasks.obj (.bss:pxReadyTasksLists)
                  20008448    00000080     ti_drivers_config.obj (.bss:uartMSP432RingBuffer1)
                  200084c8    00000068     (.common:timerMSP432Objects)
                  20008530    00000054     (.common:gpsData)
                  20008584    00000040     ti_drivers_config.obj (.bss:uartMSP432RingBuffer0)
                  200085c4    00000030     drivers_msp432p401x.aem4f : GPIOMSP432.oem4f (.bss:gpioCallbackInfo)
                  200085f4    0000002c     (.common:nmeaGnrmc)
                  20008620    00000020     ti_drivers_config.obj (.bss:uartMSP432RingBuffer2)
                  20008640    0000001c     (.common:pressureSensorSem)
                  2000865c    00000018     (.common:pwmTimerMSP432Objects)
                  20008674    00000014     freertos_builds_MSP_EXP432P401R_release_ccs.lib : timers.obj (.bss:xActiveTimerList1)
                  20008688    00000014                                                     : timers.obj (.bss:xActiveTimerList2)
                  2000869c    00000014                                                     : tasks.obj (.bss:xDelayedTaskList1)
                  200086b0    00000014                                                     : tasks.obj (.bss:xDelayedTaskList2)
                  200086c4    00000014                                                     : tasks.obj (.bss:xPendingReadyList)
                  200086d8    00000014                                                     : tasks.obj (.bss:xSuspendedTaskList)
                  200086ec    00000014                                                     : tasks.obj (.bss:xTasksWaitingTermination)
                  20008700    00000014     (.common:adcBuf)
                  20008714    00000004     GPS.obj (.bss)
                  20008718    00000010     (.common:coordinate)
                  20008728    0000000d     (.common:utcTime)
                  20008735    00000003     --HOLE--
                  20008738    00000008     freertos_builds_MSP_EXP432P401R_release_ccs.lib : tasks.obj (.bss)
                  20008740    00000008                                                     : timers.obj (.bss)
                  20008748    00000008     msp432p4xx_driverlib.lib : cs.o (.bss)
                  20008750    00000008     freertos_builds_MSP_EXP432P401R_release_ccs.lib : heap_4.obj (.bss:xStart)
                  20008758    00000006     (.common:sysTime)
                  2000875e    00000002     --HOLE--
                  20008760    00000004     drivers_msp432p401x.aem4f : GPIOMSP432.oem4f (.bss)
                  20008764    00000004     freertos_builds_MSP_EXP432P401R_release_ccs.lib : aeabi_portable.obj (.bss:main_reent)
                  20008768    00000004     drivers_msp432p401x.aem4f : TimerMSP432.oem4f (.bss:timerState)
                  2000876c    00000004     (.common:adcAvg)
                  20008770    00000004     (.common:adcHandle)
                  20008774    00000004     (.common:adcMSP432Objects)
                  20008778    00000004     (.common:bluetoothUartHandle)
                  2000877c    00000004     (.common:gpsTimerHandle)
                  20008780    00000004     (.common:gpsUartHandle)

.data      0    20008784    00000b42     UNINITIALIZED
                  20008784    00000800     freertos_builds_MSP_EXP432P401R_release_ccs.lib : HwiPMSP432_freertos.obj (.data:HwiP_dispatchTable)
                  20008f84    00000140     drivers_msp432p401x.aem4f : PowerMSP432.oem4f (.data:PowerMSP432_perfLevels)
                  200090c4    00000110                               : PWMTimerMSP432.oem4f (.data:pwmTimerStatus)
                  200091d4    00000034     freertos_builds_MSP_EXP432P401R_release_ccs.lib : tasks.obj (.data)
                  20009208    0000002c     drivers_msp432p401x.aem4f : PowerMSP432.oem4f (.data:PowerMSP432_module)
                  20009234    00000018     freertos_builds_MSP_EXP432P401R_release_ccs.lib : heap_4.obj (.data)
                  2000924c    00000018                                                     : port.obj (.data)
                  20009264    00000018     drivers_msp432p401x.aem4f : TimerMSP432.oem4f (.data:upConfig)
                  2000927c    00000014     freertos_builds_MSP_EXP432P401R_release_ccs.lib : pthread.obj (.data:defaultPthreadAttrs)
                  20009290    0000000c                                                     : timers.obj (.data)
                  2000929c    00000008     drivers_msp432p401x.aem4f : ADCMSP432.oem4f (.data)
                  200092a4    00000008     ti_drivers_config.obj (.data:gpioCallbackFunctions)
                  200092ac    00000008     ti_drivers_config.obj (.data:gpioPinConfigs)
                  200092b4    00000004     PressureSensor.obj (.data)
                  200092b8    00000004     freertos_builds_MSP_EXP432P401R_release_ccs.lib : ClockP_freertos.obj (.data)
                  200092bc    00000004                                                     : HwiPMSP432_freertos.obj (.data)
                  200092c0    00000002     drivers_msp432p401x.aem4f : GPIOMSP432.oem4f (.data)
                  200092c2    00000001                               : ADC.oem4f (.data)
                  200092c3    00000001                               : PWM.oem4f (.data)
                  200092c4    00000001                               : Timer.oem4f (.data)
                  200092c5    00000001                               : UART.oem4f (.data)

.sysmem    0    200092c8    00000010     UNINITIALIZED
                  200092c8    00000010     rtsv7M4_T_le_v4SPD16_eabi.lib : memory.c.obj (.sysmem)

.vtable    0    20009400    000000e8     UNINITIALIZED
                  20009400    000000e8     msp432p4xx_driverlib.lib : interrupt.o (.vtable)

.stack     0    2000fc00    00000400     UNINITIALIZED
                  2000fc00    00000004     rtsv7M4_T_le_v4SPD16_eabi.lib : boot_cortex_m.c.obj (.stack)
                  2000fc04    000003fc     --HOLE--

__llvm_prf_cnts 
*          0    20000000    00000000     UNINITIALIZED

.binit     0    00000000    00000000     

MODULE SUMMARY

       Module                       code    ro data   rw data
       ------                       ----    -------   -------
    ./
       bluetooth.obj                1098    0         1032   
       GPS.obj                      1390    0         8      
       sim33eau.obj                 810     0         0      
       gpsTimer.obj                 212     0         342    
       ipia.obj                     448     0         0      
       PressureSensor.obj           248     0         120    
       main_freertos.obj            160     0         0      
       SG90.obj                     122     0         0      
    +--+----------------------------+-------+---------+---------+
       Total:                       4488    0         1502   
                                                             
    ./syscfg/
       ti_drivers_config.obj        14      481       1512   
    +--+----------------------------+-------+---------+---------+
       Total:                       14      481       1512   
                                                             
    /Applications/ti/ccs1011/ccs/tools/compiler/ti-cgt-arm_20.2.1.LTS/lib/rtsv7M4_T_le_v4SPD16_eabi.lib
       fd_add_t2.asm.obj            438     0         0      
       fd_div_t2.asm.obj            310     0         0      
       fd_mul_t2.asm.obj            252     0         0      
       memcpy_t2.asm.obj            156     0         0      
       ull_div_t2.asm.obj           150     0         0      
       memset_t2.asm.obj            122     0         0      
       fd_tos_t2.asm.obj            110     0         0      
       copy_decompress_lzss.c.obj   104     0         0      
       fd_toi_t2.asm.obj            72      0         0      
       autoinit.c.obj               68      0         0      
       boot_cortex_m.c.obj          52      0         0      
       i_tofd_t2.asm.obj            46      0         0      
       strlen.c.obj                 20      0         0      
       copy_decompress_none.c.obj   14      0         0      
       copy_zero_init.c.obj         12      0         0      
       exit.c.obj                   4       0         0      
       pre_init.c.obj               4       0         0      
       div0.asm.obj                 2       0         0      
    +--+----------------------------+-------+---------+---------+
       Total:                       1936    0         0      
                                                             
    /Applications/ti/simplelink_msp432p4_sdk_3_40_01_02/source/ti/devices/msp432p4xx/driverlib/ccs/msp432p4xx_driverlib.lib
       cs.o                         1522    0         16     
       interrupt.o                  462     96        464    
       adc14.o                      588     128       0      
       uart.o                       284     0         0      
       sysctl_a.o                   212     0         0      
       cpu.o                        24      0         0      
       sysctl.o                     16      0         0      
    +--+----------------------------+-------+---------+---------+
       Total:                       3108    224       480    
                                                             
    /Applications/ti/simplelink_msp432p4_sdk_3_40_01_02/source/ti/drivers/lib/drivers_msp432p401x.aem4f
       UARTMSP432.oem4f             3406    81        0      
       PowerMSP432.oem4f            2196    0         728    
       PWMTimerMSP432.oem4f         1992    52        544    
       TimerMSP432.oem4f            1806    124       56     
       GPIOMSP432.oem4f             828     12        108    
       ADCMSP432.oem4f              696     24        16     
       UART.oem4f                   176     36        2      
       PWM.oem4f                    172     24        2      
       RingBuf.oem4f                184     0         0      
       Timer.oem4f                  158     12        2      
       ADC.oem4f                    152     8         2      
       List.oem4f                   76      0         0      
    +--+----------------------------+-------+---------+---------+
       Total:                       11842   373       1460   
                                                             
    /Users/eabaca/Desktop/freeRTOS MSP432/freertos_builds_MSP_EXP432P401R_release_ccs/Debug/freertos_builds_MSP_EXP432P401R_release_ccs.lib
       heap_4.obj                   952     0         65600  
       tasks.obj                    4380    4         720    
       HwiPMSP432_freertos.obj      332     0         4104   
       queue.obj                    3260    0         0      
       timers.obj                   1562    0         120    
       pthread.obj                  798     6         40     
       port.obj                     764     8         48     
       ClockP_freertos.obj          598     0         8      
       startup_msp432_ccs.obj       26      324       0      
       list.obj                     298     0         0      
       SemaphoreP_freertos.obj      250     0         0      
       portasm.obj                  218     0         0      
       semaphore.obj                198     0         0      
       sleep.obj                    132     0         0      
       PowerMSP432_freertos.obj     80      0         0      
       aeabi_portable.obj           64      0         8      
       PTLS.obj                     70      0         0      
    +--+----------------------------+-------+---------+---------+
       Total:                       13982   342       70648  
                                                             
       Heap:                        0       0         32     
       Stack:                       0       0         2048   
       Linker Generated:            0       208       0      
    +--+----------------------------+-------+---------+---------+
       Grand Total:                 35370   1628      77682  


LINKER GENERATED COPY TABLES

__TI_cinit_table @ 00009088 records: 3, size/record: 8, table size: 24
	.data: load addr=00008fd0, load size=0000009c bytes, run addr=20008784, run size=00000b42 bytes, compression=lzss
	.bss: load addr=00009078, load size=00000008 bytes, run addr=20000000, run size=00008784 bytes, compression=zero_init
	.vtable: load addr=00009080, load size=00000008 bytes, run addr=20009400, run size=000000e8 bytes, compression=zero_init


LINKER GENERATED HANDLER TABLE

__TI_handler_table @ 0000906c records: 3, size/record: 4, table size: 12
	index: 0, handler: __TI_decompress_lzss
	index: 1, handler: __TI_decompress_none
	index: 2, handler: __TI_zero_init


GLOBAL SYMBOLS: SORTED ALPHABETICALLY BY Name 

address   name                               
-------   ----                               
00004385  ADC14_configureConversionMemory    
000082c1  ADC14_getResult                    
000077f5  ADCMSP432_close                    
00008b61  ADCMSP432_control                  
00002d51  ADCMSP432_convert                  
00006b11  ADCMSP432_convertToMicroVolts      
00008ec0  ADCMSP432_fxnTable                 
00007fad  ADCMSP432_init                     
00005719  ADCMSP432_open                     
00008ae5  ADC_Params_init                    
00008ed8  ADC_config                         
00008aef  ADC_convert                        
00008fb6  ADC_count                          
00008f84  ADC_defaultParams                  
00007619  ADC_init                           
00007835  ADC_open                           
00008a6b  Board_init                         
00001293  Board_initHook                     
00008b7d  C$$EXIT                            
00008a77  CPU_cpsid                          
00008a83  CPU_cpsie                          
00007fdd  CS_clearInterruptFlag              
00002f49  CS_getDCOFrequency                 
000082e9  CS_getMCLK                         
00008609  CS_setExternalClockSourceFrequency 
00003139  CS_startHFXTWithTimeout            
0000321d  CS_startLFXTWithTimeout            
0000875f  ClockP_Params_init                 
00007b35  ClockP_callbackFxn                 
00004d99  ClockP_create                      
00007019  ClockP_delete                      
00008899  ClockP_setTimeout                  
000086c9  ClockP_start                       
000069e5  ClockP_stop                        
00008fb5  Display_count                      
00008f38  GPIOMSP432_config                  
000066a9  GPIO_hwiIntFxn                     
000047b5  GPIO_init                          
00006b71  GPIO_setCallback                   
000015bd  GPIO_setConfig                     
00006eb9  GPIO_write                         
00007875  GPS_TIMER_init                     
0000877d  GPS_TIMER_start                    
000058bd  GPS_init                           
000039c1  GPS_read                           
00008a8f  GPS_stop                           
000086e7  HwiP_Params_init                   
00006bd1  HwiP_create                        
000089b9  HwiP_delete                        
000081b9  HwiP_disable                       
00007425  HwiP_dispatch                      
20008784  HwiP_dispatchTable                 
00008311  HwiP_inISR                         
00008629  HwiP_restore                       
00005be1  Interrupt_disableInterrupt         
00005c61  Interrupt_enableInterrupt          
00006c91  Interrupt_registerInterrupt        
0000706d  Interrupt_setPriority              
00008799  Interrupt_unregisterInterrupt      
00008429  List_put                           
0000844f  List_remove                        
000088af  PTLS_getBuf                        
000088c5  PTLS_setBuf                        
000087ed  PTLS_taskDeleteHook                
00005945  PWMTimerMSP432_close               
00008b67  PWMTimerMSP432_control             
00008dd4  PWMTimerMSP432_fxnTable            
000023d3  PWMTimerMSP432_init                
00000995  PWMTimerMSP432_open                
00005315  PWMTimerMSP432_setDuty             
00008b6d  PWMTimerMSP432_setDutyAndPeriod    
00002725  PWMTimerMSP432_setPeriod           
00005a55  PWMTimerMSP432_start               
00004c51  PWMTimerMSP432_stop                
000088f1  PWM_Params_init                    
00008ef0  PWM_config                         
00008fb7  PWM_count                          
00008f08  PWM_defaultParams                  
0000765d  PWM_init                           
000078b5  PWM_open                           
00008af9  PWM_setDuty                        
00008b03  PWM_start                          
00008d74  PowerMSP432_config                 
00006711  PowerMSP432_getFreqs               
000089ed  PowerMSP432_getNumPerfLevels       
00002947  PowerMSP432_initPolicy             
20009208  PowerMSP432_module                 
20008f84  PowerMSP432_perfLevels             
00007d1d  PowerMSP432_sleepPolicy            
00008b0d  PowerMSP432_updateFreqs            
00008a9d  Power_getConstraintMask            
00008aa9  Power_getPerformanceLevel          
00008905  Power_idleFunc                     
00004ed9  Power_init                         
00008339  Power_registerNotify               
0000746d  Power_releaseConstraint            
00007d59  Power_setConstraint                
00000145  Power_sleep                        
00008649  Power_unregisterNotify             
00007ea9  Pressure_Sensor_Timer_init         
0000800d  Pressure_Sensor_init               
000081e5  Pressure_Sensor_start              
000089cb  RingBuf_construct                  
000078f5  RingBuf_get                        
00008669  RingBuf_peek                       
0000758d  RingBuf_put                        
00007169  SG90_init                          
00008705  SG90_setDuty                       
00008ab5  SG90_start                         
000088db  SemaphoreP_Params_init             
00006fc1  SemaphoreP_create                  
00008211  SemaphoreP_createBinary            
00008ac1  SemaphoreP_delete                  
00007edd  SemaphoreP_pend                    
000085c5  SemaphoreP_post                    
00008821  SysCtl_A_disableNMISource          
00008839  SysCtl_A_enableNMISource           
000089fd  SysCtl_A_getNMISourceStatus        
000053a9  SysCtl_A_getTLVInfo                
00008a0d  SysCtl_getNMISourceStatus          
00008e40  TimerMSP432HWAttrs                 
00008e60  TimerMSP432_Timer_A_fxnTable       
000061b5  TimerMSP432_allocateTimerResource  
00007259  TimerMSP432_close                  
00008b73  TimerMSP432_control                
000070c1  TimerMSP432_freeTimerResource      
00007d91  TimerMSP432_getCount               
00003137  TimerMSP432_init                   
00001b5d  TimerMSP432_open                   
00003db1  TimerMSP432_setPeriod              
00003c25  TimerMSP432_start                  
000057a5  TimerMSP432_stop                   
00008a1d  Timer_Params_init                  
00008f20  Timer_config                       
00008fb8  Timer_count                        
000076a1  Timer_init                         
00007935  Timer_open                         
00008b17  Timer_start                        
000054d1  UARTMSP432_close                   
00004439  UARTMSP432_control                 
00008dac  UARTMSP432_fxnTable                
00003b59  UARTMSP432_hwiIntFxn               
0000366b  UARTMSP432_init                    
0000043d  UARTMSP432_open                    
00007975  UARTMSP432_read                    
00007e71  UARTMSP432_readCancel              
000032fd  UARTMSP432_readPolling             
00004861  UARTMSP432_write                   
000064ef  UARTMSP432_writeCancel             
000044ed  UARTMSP432_writePolling            
00008851  UART_Params_init                   
00008df8  UART_config                        
00008fb9  UART_count                         
00008e1c  UART_defaultParams                 
000076e5  UART_init                          
000023d5  UART_initModule                    
000079b5  UART_open                          
00008b21  UART_read                          
00008b2b  UART_write                         
4000480c  WDTCTL_SYM                         
20010000  __STACK_END                        
00000400  __STACK_SIZE                       
00000010  __SYSMEM_SIZE                      
00009088  __TI_CINIT_Base                    
000090a0  __TI_CINIT_Limit                   
0000906c  __TI_Handler_Table_Base            
00009078  __TI_Handler_Table_Limit           
00007729  __TI_auto_init_nobinit_nopinit     
00006779  __TI_decompress_lzss               
00008a5d  __TI_decompress_none               
ffffffff  __TI_pprof_out_hndl                
ffffffff  __TI_prof_data_size                
ffffffff  __TI_prof_data_start               
00008fd0  __TI_static_base__                 
00008acd  __TI_zero_init                     
000065d1  __aeabi_d2f                        
000074b5  __aeabi_d2iz                       
000010e7  __aeabi_dadd                       
00001f21  __aeabi_ddiv                       
00002e4d  __aeabi_dmul                       
000010dd  __aeabi_dsub                       
000079f5  __aeabi_errno_addr                 
0000818b  __aeabi_i2d                        
0000655f  __aeabi_idiv0                      
0000655f  __aeabi_ldiv0                      
00006047  __aeabi_memclr                     
00006047  __aeabi_memclr4                    
00006047  __aeabi_memclr8                    
00004f75  __aeabi_memcpy                     
00004f75  __aeabi_memcpy4                    
00004f75  __aeabi_memcpy8                    
00006049  __aeabi_memset                     
00006049  __aeabi_memset4                    
00006049  __aeabi_memset8                    
0000527f  __aeabi_uldivmod                   
ffffffff  __binit__                          
ffffffff  __c_args__                         
UNDEFED   __mpu_init                         
2000fc00  __stack                            
20000000  __start___llvm_prf_cnts            
20000000  __stop___llvm_prf_cnts             
00007f11  _c_int00_noargs                    
00008475  _pthread_cleanup_pop               
200092c8  _sys_memory                        
UNDEFED   _system_post_cinit                 
00008b79  _system_pre_init                   
00008b7d  abort                              
2000876c  adcAvg                             
20008700  adcBuf                             
20008770  adcHandle                          
00008e80  adcMSP432HWAttrs                   
20008774  adcMSP432Objects                   
ffffffff  binit                              
20008778  bluetoothUartHandle                
20008000  bluetooth_buffer                   
0000849b  bluetooth_char                     
0000172d  bluetooth_float                    
00005ddd  bluetooth_init                     
000051e5  bluetooth_integer                  
00005e59  bluetooth_send                     
00002b51  bluetooth_sprintf                  
000084c1  bluetooth_string                   
20008718  coordinate                         
20009400  g_pfnRAMVectors                    
200092a4  gpioCallbackFunctions              
200092ac  gpioPinConfigs                     
20008530  gpsData                            
00008533  gpsThread                          
2000877c  gpsTimerHandle                     
20008780  gpsUartHandle                      
00000000  interruptVectors                   
00005689  isSubstring                        
0000366d  latitudeDegrees                    
00003745  longitudeDegrees                   
0000543d  main                               
00004f75  memcpy                             
0000604f  memset                             
200085f4  nmeaGnrmc                          
00006849  pressureSensorCallback             
20008640  pressureSensorSem                  
000068b1  pressureSensorThread               
000087b5  pthread_attr_init                  
000085e7  pthread_attr_setdetachstate        
000083d9  pthread_attr_setschedparam         
00008941  pthread_attr_setstacksize          
00001de9  pthread_create                     
00006d49  pthread_exit                       
00008955  pthread_self                       
00007b73  pthread_setcancelstate             
00001295  pvPortMalloc                       
00007c2d  pvTaskGetThreadLocalStoragePointer 
000087d1  pvTaskIncrementMutexHeldCount      
0000815d  pvTimerGetTimerID                  
00008f5c  pwmTimerMSP432HWAttrs              
2000865c  pwmTimerMSP432Objects              
200091d4  pxCurrentTCB                       
00006c31  pxPortInitialiseStack              
00008969  resetISR                           
00007209  sem_init                           
00007bb1  sem_post                           
00008881  sem_wait                           
000075d3  setCoordinates                     
00005565  setGnrmc                           
000077b1  setSysTime                         
0000647d  setTime                            
000074fd  sleep                              
00002059  solarTrackerThread                 
00000d6d  str_to_double                      
000060c1  str_to_uint16                      
00005f51  str_to_uint8                       
0000897d  strlen                             
20008758  sysTime                            
000062a5  timerCallback                      
200084c8  timerMSP432Objects                 
000040a1  token                              
20008200  uartMSP432Objects                  
00008f8c  ulMaxSyscallInterruptPriority      
000035a1  ulPortGetIPSR                      
00007c69  usleep                             
20008728  utcTime                            
00007545  uxListRemove                       
00008fc0  uxTopUsedPriority                  
00006b0f  vApplicationMallocFailedHook       
00008b35  vApplicationStackOverflowHook      
000080cd  vListInitialise                    
00008a3d  vListInitialiseItem                
0000697f  vListInsert                        
00007ca5  vListInsertEnd                     
0000365d  vPortEnableVFP                     
0000738d  vPortEnterCritical                 
000080fd  vPortExitCritical                  
00004a59  vPortFree                          
00003619  vPortSVCHandler                    
0000631d  vPortSetupTimerInterrupt           
00003639  vPortStartFirstTask                
00008b3f  vPortSuppressTicksAndSleep         
00006409  vPortValidateInterruptPriority     
0000857b  vQueueDelete                       
00006da5  vQueueWaitForMessageRestricted     
00006e01  vTaskDelay                         
00002c51  vTaskDelete                        
000085a1  vTaskInternalSetTimeOutState       
00008ad9  vTaskMissedYield                   
00007f79  vTaskPlaceOnEventList              
00007af5  vTaskPlaceOnEventListRestricted    
00002a4d  vTaskPriorityDisinheritAfterTimeout
00008269  vTaskSetApplicationTaskTag         
000073d9  vTaskSetThreadLocalStoragePointer  
00005149  vTaskStartScheduler                
0000260d  vTaskSuspend                       
00008a4d  vTaskSuspendAll                    
000034b5  vTaskSwitchContext                 
000035b9  xPortPendSVHandler                 
000038f1  xPortStartScheduler                
00008295  xPortSysTickHandler                
00006f69  xQueueCreateCountingSemaphore      
00004b01  xQueueGenericCreate                
000042cd  xQueueGenericReset                 
00000f25  xQueueGenericSend                  
0000218d  xQueueGenericSendFromISR           
00002839  xQueueGiveFromISR                  
00001441  xQueueReceive                      
00003041  xQueueReceiveFromISR               
00000b9d  xQueueSemaphoreTake                
000045a1  xTaskCheckForTimeOut               
0000613b  xTaskCreate                        
00008401  xTaskGetApplicationTaskTag         
00008991  xTaskGetCurrentTaskHandle          
0000812d  xTaskGetSchedulerState             
000089a5  xTaskGetTickCount                  
00001ca9  xTaskIncrementTick                 
00003a8d  xTaskPriorityDisinherit            
0000381d  xTaskPriorityInherit               
00004ba9  xTaskRemoveFromEventList           
000024f1  xTaskResumeAll                     
00007ce1  xTimerCreate                       
00007115  xTimerCreateTimerTask              
00005b5d  xTimerGenericCommand               


GLOBAL SYMBOLS: SORTED BY Symbol Address 

address   name                               
-------   ----                               
00000000  interruptVectors                   
00000010  __SYSMEM_SIZE                      
00000145  Power_sleep                        
00000400  __STACK_SIZE                       
0000043d  UARTMSP432_open                    
00000995  PWMTimerMSP432_open                
00000b9d  xQueueSemaphoreTake                
00000d6d  str_to_double                      
00000f25  xQueueGenericSend                  
000010dd  __aeabi_dsub                       
000010e7  __aeabi_dadd                       
00001293  Board_initHook                     
00001295  pvPortMalloc                       
00001441  xQueueReceive                      
000015bd  GPIO_setConfig                     
0000172d  bluetooth_float                    
00001b5d  TimerMSP432_open                   
00001ca9  xTaskIncrementTick                 
00001de9  pthread_create                     
00001f21  __aeabi_ddiv                       
00002059  solarTrackerThread                 
0000218d  xQueueGenericSendFromISR           
000023d3  PWMTimerMSP432_init                
000023d5  UART_initModule                    
000024f1  xTaskResumeAll                     
0000260d  vTaskSuspend                       
00002725  PWMTimerMSP432_setPeriod           
00002839  xQueueGiveFromISR                  
00002947  PowerMSP432_initPolicy             
00002a4d  vTaskPriorityDisinheritAfterTimeout
00002b51  bluetooth_sprintf                  
00002c51  vTaskDelete                        
00002d51  ADCMSP432_convert                  
00002e4d  __aeabi_dmul                       
00002f49  CS_getDCOFrequency                 
00003041  xQueueReceiveFromISR               
00003137  TimerMSP432_init                   
00003139  CS_startHFXTWithTimeout            
0000321d  CS_startLFXTWithTimeout            
000032fd  UARTMSP432_readPolling             
000034b5  vTaskSwitchContext                 
000035a1  ulPortGetIPSR                      
000035b9  xPortPendSVHandler                 
00003619  vPortSVCHandler                    
00003639  vPortStartFirstTask                
0000365d  vPortEnableVFP                     
0000366b  UARTMSP432_init                    
0000366d  latitudeDegrees                    
00003745  longitudeDegrees                   
0000381d  xTaskPriorityInherit               
000038f1  xPortStartScheduler                
000039c1  GPS_read                           
00003a8d  xTaskPriorityDisinherit            
00003b59  UARTMSP432_hwiIntFxn               
00003c25  TimerMSP432_start                  
00003db1  TimerMSP432_setPeriod              
000040a1  token                              
000042cd  xQueueGenericReset                 
00004385  ADC14_configureConversionMemory    
00004439  UARTMSP432_control                 
000044ed  UARTMSP432_writePolling            
000045a1  xTaskCheckForTimeOut               
000047b5  GPIO_init                          
00004861  UARTMSP432_write                   
00004a59  vPortFree                          
00004b01  xQueueGenericCreate                
00004ba9  xTaskRemoveFromEventList           
00004c51  PWMTimerMSP432_stop                
00004d99  ClockP_create                      
00004ed9  Power_init                         
00004f75  __aeabi_memcpy                     
00004f75  __aeabi_memcpy4                    
00004f75  __aeabi_memcpy8                    
00004f75  memcpy                             
00005149  vTaskStartScheduler                
000051e5  bluetooth_integer                  
0000527f  __aeabi_uldivmod                   
00005315  PWMTimerMSP432_setDuty             
000053a9  SysCtl_A_getTLVInfo                
0000543d  main                               
000054d1  UARTMSP432_close                   
00005565  setGnrmc                           
00005689  isSubstring                        
00005719  ADCMSP432_open                     
000057a5  TimerMSP432_stop                   
000058bd  GPS_init                           
00005945  PWMTimerMSP432_close               
00005a55  PWMTimerMSP432_start               
00005b5d  xTimerGenericCommand               
00005be1  Interrupt_disableInterrupt         
00005c61  Interrupt_enableInterrupt          
00005ddd  bluetooth_init                     
00005e59  bluetooth_send                     
00005f51  str_to_uint8                       
00006047  __aeabi_memclr                     
00006047  __aeabi_memclr4                    
00006047  __aeabi_memclr8                    
00006049  __aeabi_memset                     
00006049  __aeabi_memset4                    
00006049  __aeabi_memset8                    
0000604f  memset                             
000060c1  str_to_uint16                      
0000613b  xTaskCreate                        
000061b5  TimerMSP432_allocateTimerResource  
000062a5  timerCallback                      
0000631d  vPortSetupTimerInterrupt           
00006409  vPortValidateInterruptPriority     
0000647d  setTime                            
000064ef  UARTMSP432_writeCancel             
0000655f  __aeabi_idiv0                      
0000655f  __aeabi_ldiv0                      
000065d1  __aeabi_d2f                        
000066a9  GPIO_hwiIntFxn                     
00006711  PowerMSP432_getFreqs               
00006779  __TI_decompress_lzss               
00006849  pressureSensorCallback             
000068b1  pressureSensorThread               
0000697f  vListInsert                        
000069e5  ClockP_stop                        
00006b0f  vApplicationMallocFailedHook       
00006b11  ADCMSP432_convertToMicroVolts      
00006b71  GPIO_setCallback                   
00006bd1  HwiP_create                        
00006c31  pxPortInitialiseStack              
00006c91  Interrupt_registerInterrupt        
00006d49  pthread_exit                       
00006da5  vQueueWaitForMessageRestricted     
00006e01  vTaskDelay                         
00006eb9  GPIO_write                         
00006f69  xQueueCreateCountingSemaphore      
00006fc1  SemaphoreP_create                  
00007019  ClockP_delete                      
0000706d  Interrupt_setPriority              
000070c1  TimerMSP432_freeTimerResource      
00007115  xTimerCreateTimerTask              
00007169  SG90_init                          
00007209  sem_init                           
00007259  TimerMSP432_close                  
0000738d  vPortEnterCritical                 
000073d9  vTaskSetThreadLocalStoragePointer  
00007425  HwiP_dispatch                      
0000746d  Power_releaseConstraint            
000074b5  __aeabi_d2iz                       
000074fd  sleep                              
00007545  uxListRemove                       
0000758d  RingBuf_put                        
000075d3  setCoordinates                     
00007619  ADC_init                           
0000765d  PWM_init                           
000076a1  Timer_init                         
000076e5  UART_init                          
00007729  __TI_auto_init_nobinit_nopinit     
000077b1  setSysTime                         
000077f5  ADCMSP432_close                    
00007835  ADC_open                           
00007875  GPS_TIMER_init                     
000078b5  PWM_open                           
000078f5  RingBuf_get                        
00007935  Timer_open                         
00007975  UARTMSP432_read                    
000079b5  UART_open                          
000079f5  __aeabi_errno_addr                 
00007af5  vTaskPlaceOnEventListRestricted    
00007b35  ClockP_callbackFxn                 
00007b73  pthread_setcancelstate             
00007bb1  sem_post                           
00007c2d  pvTaskGetThreadLocalStoragePointer 
00007c69  usleep                             
00007ca5  vListInsertEnd                     
00007ce1  xTimerCreate                       
00007d1d  PowerMSP432_sleepPolicy            
00007d59  Power_setConstraint                
00007d91  TimerMSP432_getCount               
00007e71  UARTMSP432_readCancel              
00007ea9  Pressure_Sensor_Timer_init         
00007edd  SemaphoreP_pend                    
00007f11  _c_int00_noargs                    
00007f79  vTaskPlaceOnEventList              
00007fad  ADCMSP432_init                     
00007fdd  CS_clearInterruptFlag              
0000800d  Pressure_Sensor_init               
000080cd  vListInitialise                    
000080fd  vPortExitCritical                  
0000812d  xTaskGetSchedulerState             
0000815d  pvTimerGetTimerID                  
0000818b  __aeabi_i2d                        
000081b9  HwiP_disable                       
000081e5  Pressure_Sensor_start              
00008211  SemaphoreP_createBinary            
00008269  vTaskSetApplicationTaskTag         
00008295  xPortSysTickHandler                
000082c1  ADC14_getResult                    
000082e9  CS_getMCLK                         
00008311  HwiP_inISR                         
00008339  Power_registerNotify               
000083d9  pthread_attr_setschedparam         
00008401  xTaskGetApplicationTaskTag         
00008429  List_put                           
0000844f  List_remove                        
00008475  _pthread_cleanup_pop               
0000849b  bluetooth_char                     
000084c1  bluetooth_string                   
00008533  gpsThread                          
0000857b  vQueueDelete                       
000085a1  vTaskInternalSetTimeOutState       
000085c5  SemaphoreP_post                    
000085e7  pthread_attr_setdetachstate        
00008609  CS_setExternalClockSourceFrequency 
00008629  HwiP_restore                       
00008649  Power_unregisterNotify             
00008669  RingBuf_peek                       
000086c9  ClockP_start                       
000086e7  HwiP_Params_init                   
00008705  SG90_setDuty                       
0000875f  ClockP_Params_init                 
0000877d  GPS_TIMER_start                    
00008799  Interrupt_unregisterInterrupt      
000087b5  pthread_attr_init                  
000087d1  pvTaskIncrementMutexHeldCount      
000087ed  PTLS_taskDeleteHook                
00008821  SysCtl_A_disableNMISource          
00008839  SysCtl_A_enableNMISource           
00008851  UART_Params_init                   
00008881  sem_wait                           
00008899  ClockP_setTimeout                  
000088af  PTLS_getBuf                        
000088c5  PTLS_setBuf                        
000088db  SemaphoreP_Params_init             
000088f1  PWM_Params_init                    
00008905  Power_idleFunc                     
00008941  pthread_attr_setstacksize          
00008955  pthread_self                       
00008969  resetISR                           
0000897d  strlen                             
00008991  xTaskGetCurrentTaskHandle          
000089a5  xTaskGetTickCount                  
000089b9  HwiP_delete                        
000089cb  RingBuf_construct                  
000089ed  PowerMSP432_getNumPerfLevels       
000089fd  SysCtl_A_getNMISourceStatus        
00008a0d  SysCtl_getNMISourceStatus          
00008a1d  Timer_Params_init                  
00008a3d  vListInitialiseItem                
00008a4d  vTaskSuspendAll                    
00008a5d  __TI_decompress_none               
00008a6b  Board_init                         
00008a77  CPU_cpsid                          
00008a83  CPU_cpsie                          
00008a8f  GPS_stop                           
00008a9d  Power_getConstraintMask            
00008aa9  Power_getPerformanceLevel          
00008ab5  SG90_start                         
00008ac1  SemaphoreP_delete                  
00008acd  __TI_zero_init                     
00008ad9  vTaskMissedYield                   
00008ae5  ADC_Params_init                    
00008aef  ADC_convert                        
00008af9  PWM_setDuty                        
00008b03  PWM_start                          
00008b0d  PowerMSP432_updateFreqs            
00008b17  Timer_start                        
00008b21  UART_read                          
00008b2b  UART_write                         
00008b35  vApplicationStackOverflowHook      
00008b3f  vPortSuppressTicksAndSleep         
00008b61  ADCMSP432_control                  
00008b67  PWMTimerMSP432_control             
00008b6d  PWMTimerMSP432_setDutyAndPeriod    
00008b73  TimerMSP432_control                
00008b79  _system_pre_init                   
00008b7d  C$$EXIT                            
00008b7d  abort                              
00008d74  PowerMSP432_config                 
00008dac  UARTMSP432_fxnTable                
00008dd4  PWMTimerMSP432_fxnTable            
00008df8  UART_config                        
00008e1c  UART_defaultParams                 
00008e40  TimerMSP432HWAttrs                 
00008e60  TimerMSP432_Timer_A_fxnTable       
00008e80  adcMSP432HWAttrs                   
00008ec0  ADCMSP432_fxnTable                 
00008ed8  ADC_config                         
00008ef0  PWM_config                         
00008f08  PWM_defaultParams                  
00008f20  Timer_config                       
00008f38  GPIOMSP432_config                  
00008f5c  pwmTimerMSP432HWAttrs              
00008f84  ADC_defaultParams                  
00008f8c  ulMaxSyscallInterruptPriority      
00008fb5  Display_count                      
00008fb6  ADC_count                          
00008fb7  PWM_count                          
00008fb8  Timer_count                        
00008fb9  UART_count                         
00008fc0  uxTopUsedPriority                  
00008fd0  __TI_static_base__                 
0000906c  __TI_Handler_Table_Base            
00009078  __TI_Handler_Table_Limit           
00009088  __TI_CINIT_Base                    
000090a0  __TI_CINIT_Limit                   
20000000  __start___llvm_prf_cnts            
20000000  __stop___llvm_prf_cnts             
20008000  bluetooth_buffer                   
20008200  uartMSP432Objects                  
200084c8  timerMSP432Objects                 
20008530  gpsData                            
200085f4  nmeaGnrmc                          
20008640  pressureSensorSem                  
2000865c  pwmTimerMSP432Objects              
20008700  adcBuf                             
20008718  coordinate                         
20008728  utcTime                            
20008758  sysTime                            
2000876c  adcAvg                             
20008770  adcHandle                          
20008774  adcMSP432Objects                   
20008778  bluetoothUartHandle                
2000877c  gpsTimerHandle                     
20008780  gpsUartHandle                      
20008784  HwiP_dispatchTable                 
20008f84  PowerMSP432_perfLevels             
200091d4  pxCurrentTCB                       
20009208  PowerMSP432_module                 
200092a4  gpioCallbackFunctions              
200092ac  gpioPinConfigs                     
200092c8  _sys_memory                        
20009400  g_pfnRAMVectors                    
2000fc00  __stack                            
20010000  __STACK_END                        
4000480c  WDTCTL_SYM                         
ffffffff  __TI_pprof_out_hndl                
ffffffff  __TI_prof_data_size                
ffffffff  __TI_prof_data_start               
ffffffff  __binit__                          
ffffffff  __c_args__                         
ffffffff  binit                              
UNDEFED   __mpu_init                         
UNDEFED   _system_post_cinit                 

[338 symbols]
